[    0.000000] Initializing cgroup subsys cpuset
[    0.000000] Initializing cgroup subsys cpu
[    0.000000] Initializing cgroup subsys cpuacct
[    0.000000] Linux version 4.4.0-83-generic (buildd@lgw01-29) (gcc version 5.4.0 20160609 (Ubuntu 5.4.0-6ubuntu1~16.04.4) ) #106-Ubuntu SMP Mon Jun 26 17:54:43 UTC 2017 (Ubuntu 4.4.0-83.106-generic 4.4.70)
[    0.000000] Command line: BOOT_IMAGE=/boot/vmlinuz-4.4.0-83-generic root=LABEL=cloudimg-rootfs ro console=tty1 console=ttyS0
[    0.000000] KERNEL supported cpus:
[    0.000000]   Intel GenuineIntel
[    0.000000]   AMD AuthenticAMD
[    0.000000]   Centaur CentaurHauls
[    0.000000] x86/fpu: xstate_offset[2]:  576, xstate_sizes[2]:  256
[    0.000000] x86/fpu: Supporting XSAVE feature 0x01: 'x87 floating point registers'
[    0.000000] x86/fpu: Supporting XSAVE feature 0x02: 'SSE registers'
[    0.000000] x86/fpu: Supporting XSAVE feature 0x04: 'AVX registers'
[    0.000000] x86/fpu: Enabled xstate features 0x7, context size is 832 bytes, using 'standard' format.
[    0.000000] x86/fpu: Using 'lazy' FPU context switches.
[    0.000000] e820: BIOS-provided physical RAM map:
[    0.000000] BIOS-e820: [mem 0x0000000000000000-0x000000000009fbff] usable
[    0.000000] BIOS-e820: [mem 0x000000000009fc00-0x000000000009ffff] reserved
[    0.000000] BIOS-e820: [mem 0x00000000000f0000-0x00000000000fffff] reserved
[    0.000000] BIOS-e820: [mem 0x0000000000100000-0x000000007ffeffff] usable
[    0.000000] BIOS-e820: [mem 0x000000007fff0000-0x000000007fffffff] ACPI data
[    0.000000] BIOS-e820: [mem 0x00000000fec00000-0x00000000fec00fff] reserved
[    0.000000] BIOS-e820: [mem 0x00000000fee00000-0x00000000fee00fff] reserved
[    0.000000] BIOS-e820: [mem 0x00000000fffc0000-0x00000000ffffffff] reserved
[    0.000000] NX (Execute Disable) protection: active
[    0.000000] SMBIOS 2.5 present.
[    0.000000] Hypervisor detected: KVM
[    0.000000] e820: last_pfn = 0x7fff0 max_arch_pfn = 0x400000000
[    0.000000] MTRR: Disabled
[    0.000000] x86/PAT: MTRRs disabled, skipping PAT initialization too.
[    0.000000] x86/PAT: Configuration [0-7]: WB  WT  UC- UC  WB  WT  UC- UC  
[    0.000000] CPU MTRRs all blank - virtualized system.
[    0.000000] found SMP MP-table at [mem 0x0009fff0-0x0009ffff] mapped at [ffff88000009fff0]
[    0.000000] Scanning 1 areas for low memory corruption
[    0.000000] RAMDISK: [mem 0x36af8000-0x37573fff]
[    0.000000] ACPI: Early table checksum verification disabled
[    0.000000] ACPI: RSDP 0x00000000000E0000 000024 (v02 VBOX  )
[    0.000000] ACPI: XSDT 0x000000007FFF0030 00003C (v01 VBOX   VBOXXSDT 00000001 ASL  00000061)
[    0.000000] ACPI: FACP 0x000000007FFF00F0 0000F4 (v04 VBOX   VBOXFACP 00000001 ASL  00000061)
[    0.000000] ACPI: DSDT 0x000000007FFF0470 0021C8 (v02 VBOX   VBOXBIOS 00000002 INTL 20100528)
[    0.000000] ACPI: FACS 0x000000007FFF0200 000040
[    0.000000] ACPI: FACS 0x000000007FFF0200 000040
[    0.000000] ACPI: APIC 0x000000007FFF0240 00005C (v02 VBOX   VBOXAPIC 00000001 ASL  00000061)
[    0.000000] ACPI: SSDT 0x000000007FFF02A0 0001CC (v01 VBOX   VBOXCPUT 00000002 INTL 20100528)
[    0.000000] No NUMA configuration found
[    0.000000] Faking a node at [mem 0x0000000000000000-0x000000007ffeffff]
[    0.000000] NODE_DATA(0) allocated [mem 0x7ffeb000-0x7ffeffff]
[    0.000000] kvm-clock: Using msrs 4b564d01 and 4b564d00
[    0.000000] kvm-clock: cpu 0, msr 0:7ffe3001, primary cpu clock
[    0.000000] kvm-clock: using sched offset of 3130892083 cycles
[    0.000000] clocksource: kvm-clock: mask: 0xffffffffffffffff max_cycles: 0x1cd42e4dffb, max_idle_ns: 881590591483 ns
[    0.000000] Zone ranges:
[    0.000000]   DMA      [mem 0x0000000000001000-0x0000000000ffffff]
[    0.000000]   DMA32    [mem 0x0000000001000000-0x000000007ffeffff]
[    0.000000]   Normal   empty
[    0.000000]   Device   empty
[    0.000000] Movable zone start for each node
[    0.000000] Early memory node ranges
[    0.000000]   node   0: [mem 0x0000000000001000-0x000000000009efff]
[    0.000000]   node   0: [mem 0x0000000000100000-0x000000007ffeffff]
[    0.000000] Initmem setup node 0 [mem 0x0000000000001000-0x000000007ffeffff]
[    0.000000] ACPI: PM-Timer IO Port: 0x4008
[    0.000000] IOAPIC[0]: apic_id 2, version 32, address 0xfec00000, GSI 0-23
[    0.000000] ACPI: INT_SRC_OVR (bus 0 bus_irq 0 global_irq 2 dfl dfl)
[    0.000000] ACPI: INT_SRC_OVR (bus 0 bus_irq 9 global_irq 9 high level)
[    0.000000] Using ACPI (MADT) for SMP configuration information
[    0.000000] smpboot: Allowing 2 CPUs, 0 hotplug CPUs
[    0.000000] PM: Registered nosave memory: [mem 0x00000000-0x00000fff]
[    0.000000] PM: Registered nosave memory: [mem 0x0009f000-0x0009ffff]
[    0.000000] PM: Registered nosave memory: [mem 0x000a0000-0x000effff]
[    0.000000] PM: Registered nosave memory: [mem 0x000f0000-0x000fffff]
[    0.000000] e820: [mem 0x80000000-0xfebfffff] available for PCI devices
[    0.000000] Booting paravirtualized kernel on KVM
[    0.000000] clocksource: refined-jiffies: mask: 0xffffffff max_cycles: 0xffffffff, max_idle_ns: 7645519600211568 ns
[    0.000000] setup_percpu: NR_CPUS:512 nr_cpumask_bits:512 nr_cpu_ids:2 nr_node_ids:1
[    0.000000] PERCPU: Embedded 33 pages/cpu @ffff88007fc00000 s98264 r8192 d28712 u1048576
[    0.000000] PV qspinlock hash table entries: 256 (order: 0, 4096 bytes)
[    0.000000] Built 1 zonelists in Node order, mobility grouping on.  Total pages: 515961
[    0.000000] Policy zone: DMA32
[    0.000000] Kernel command line: BOOT_IMAGE=/boot/vmlinuz-4.4.0-83-generic root=LABEL=cloudimg-rootfs ro console=tty1 console=ttyS0
[    0.000000] PID hash table entries: 4096 (order: 3, 32768 bytes)
[    0.000000] Memory: 2034032K/2096696K available (8469K kernel code, 1294K rwdata, 3984K rodata, 1488K init, 1316K bss, 62664K reserved, 0K cma-reserved)
[    0.000000] SLUB: HWalign=64, Order=0-3, MinObjects=0, CPUs=2, Nodes=1
[    0.000000] Hierarchical RCU implementation.
[    0.000000] 	Build-time adjustment of leaf fanout to 64.
[    0.000000] 	RCU restricting CPUs from NR_CPUS=512 to nr_cpu_ids=2.
[    0.000000] RCU: Adjusting geometry for rcu_fanout_leaf=64, nr_cpu_ids=2
[    0.000000] NR_IRQS:33024 nr_irqs:440 16
[    0.000000] Console: colour VGA+ 80x25
[    0.000000] console [tty1] enabled
[    0.000000] console [ttyS0] enabled
[    0.000000] tsc: Detected 2394.568 MHz processor
[    5.260562] Calibrating delay loop (skipped) preset value.. 4789.13 BogoMIPS (lpj=9578272)
[    5.262188] pid_max: default: 32768 minimum: 301
[    5.263068] ACPI: Core revision 20150930
[    5.264757] ACPI: 2 ACPI AML tables successfully acquired and loaded
[    5.281320] Security Framework initialized
[    5.301484] Yama: becoming mindful.
[    5.313488] AppArmor: AppArmor initialized
[    5.316221] Dentry cache hash table entries: 262144 (order: 9, 2097152 bytes)
[    5.445672] Inode-cache hash table entries: 131072 (order: 8, 1048576 bytes)
[    5.502711] Mount-cache hash table entries: 4096 (order: 3, 32768 bytes)
[    5.610645] Mountpoint-cache hash table entries: 4096 (order: 3, 32768 bytes)
[    5.750383] Initializing cgroup subsys io
[    5.840983] Initializing cgroup subsys memory
[    5.944618] Initializing cgroup subsys devices
[    5.973230] Initializing cgroup subsys freezer
[    5.974082] Initializing cgroup subsys net_cls
[    5.974923] Initializing cgroup subsys perf_event
[    5.975822] Initializing cgroup subsys net_prio
[    5.976678] Initializing cgroup subsys hugetlb
[    5.977553] Initializing cgroup subsys pids
[    6.060031] CPU: Physical Processor ID: 0
[    6.153787] CPU: Processor Core ID: 0
[    6.180710] mce: CPU supports 0 MCE banks
[    6.181523] Last level iTLB entries: 4KB 512, 2MB 8, 4MB 8
[    6.193442] Last level dTLB entries: 4KB 512, 2MB 32, 4MB 32, 1GB 0
[    6.203436] Freeing SMP alternatives memory: 32K (ffffffff820b9000 - ffffffff820c1000)
[    6.213441] ftrace: allocating 32129 entries in 126 pages
[    6.357808] smpboot: APIC(0) Converting physical 0 to logical package 0
[    6.381285] smpboot: Max logical packages: 1
[    6.382384] x2apic enabled
[    6.422825] Switched APIC routing to physical x2apic.
[    6.437879] ..TIMER: vector=0x30 apic1=0 pin1=2 apic2=-1 pin2=-1
[    6.660841] smpboot: CPU0: Intel(R) Core(TM) i7-3630QM CPU @ 2.40GHz (family: 0x6, model: 0x3a, stepping: 0x9)
[    6.692793] Performance Events: unsupported p6 CPU model 58 no PMU driver, software events only.
[    6.694582] KVM setup paravirtual spinlock
[    6.719377] x86: Booting SMP configuration:
[    6.754844] .... node  #0, CPUs:      #1
[    6.791983] kvm-clock: cpu 1, msr 0:7ffe3041, secondary cpu clock
[    6.794371] mce: CPU supports 0 MCE banks
[    6.803849] x86: Booted up 1 node, 2 CPUs
[    6.804822] smpboot: Total of 2 processors activated (9578.27 BogoMIPS)
[    6.819922] devtmpfs: initialized
[    6.828075] evm: security.selinux
[    6.853568] evm: security.SMACK64
[    6.873337] evm: security.SMACK64EXEC
[    6.874091] evm: security.SMACK64TRANSMUTE
[    6.899530] evm: security.SMACK64MMAP
[    6.906110] evm: security.ima
[    6.908926] evm: security.capability
[    6.910305] clocksource: jiffies: mask: 0xffffffff max_cycles: 0xffffffff, max_idle_ns: 7645041785100000 ns
[    6.976430] futex hash table entries: 512 (order: 3, 32768 bytes)
[    7.036660] pinctrl core: initialized pinctrl subsystem
[    7.091523] RTC time: 19:57:47, date: 03/15/18
[    7.092576] NET: Registered protocol family 16
[    7.190514] cpuidle: using governor ladder
[    7.266807] cpuidle: using governor menu
[    7.342393] PCCT header not found.
[    7.407993] ACPI: bus type PCI registered
[    7.471524] acpiphp: ACPI Hot Plug PCI Controller Driver version: 0.5
[    7.472956] PCI: Using configuration type 1 for base access
[    7.489162] ACPI: Added _OSI(Module Device)
[    7.549546] ACPI: Added _OSI(Processor Device)
[    7.645391] ACPI: Added _OSI(3.0 _SCP Extensions)
[    7.708067] ACPI: Added _OSI(Processor Aggregator Device)
[    7.709755] ACPI: Executed 1 blocks of module-level executable AML code
[    7.728012] ACPI: Interpreter enabled
[    7.750237] ACPI: (supports S0 S5)
[    7.750943] ACPI: Using IOAPIC for interrupt routing
[    7.752007] PCI: Using host bridge windows from ACPI; if necessary, use "pci=nocrs" and report a bug
[    7.760935] ACPI: PCI Root Bridge [PCI0] (domain 0000 [bus 00-ff])
[    7.762010] acpi PNP0A03:00: _OSC: OS supports [ASPM ClockPM Segments MSI]
[    7.763184] acpi PNP0A03:00: _OSC failed (AE_NOT_FOUND); disabling ASPM
[    7.766334] acpi PNP0A03:00: fail to add MMCONFIG information, can't access extended PCI configuration space under this bridge.
[    7.777432] PCI host bridge to bus 0000:00
[    7.778233] pci_bus 0000:00: root bus resource [io  0x0000-0x0cf7 window]
[    7.784307] pci_bus 0000:00: root bus resource [io  0x0d00-0xffff window]
[    7.785498] pci_bus 0000:00: root bus resource [mem 0x000a0000-0x000bffff window]
[    7.900747] pci_bus 0000:00: root bus resource [mem 0x80000000-0xffdfffff window]
[    7.918106] pci_bus 0000:00: root bus resource [bus 00-ff]
[    7.920850] pci 0000:00:01.1: legacy IDE quirk: reg 0x10: [io  0x01f0-0x01f7]
[    7.925712] pci 0000:00:01.1: legacy IDE quirk: reg 0x14: [io  0x03f6]
[    7.926823] pci 0000:00:01.1: legacy IDE quirk: reg 0x18: [io  0x0170-0x0177]
[    7.928014] pci 0000:00:01.1: legacy IDE quirk: reg 0x1c: [io  0x0376]
[    7.951710] pci 0000:00:07.0: quirk: [io  0x4000-0x403f] claimed by PIIX4 ACPI
[    7.970842] pci 0000:00:07.0: quirk: [io  0x4100-0x410f] claimed by PIIX4 SMB
[    7.994487] ACPI: PCI Interrupt Link [LNKA] (IRQs 5 9 10 *11)
[    8.095954] ACPI: PCI Interrupt Link [LNKB] (IRQs 5 9 10 *11)
[    8.134180] ACPI: PCI Interrupt Link [LNKC] (IRQs 5 9 *10 11)
[    8.135708] ACPI: PCI Interrupt Link [LNKD] (IRQs 5 *9 10 11)
[    8.143929] ACPI: Enabled 2 GPEs in block 00 to 07
[    8.145160] vgaarb: setting as boot device: PCI:0000:00:02.0
[    8.153965] vgaarb: device added: PCI:0000:00:02.0,decodes=io+mem,owns=io+mem,locks=none
[    8.155511] vgaarb: loaded
[    8.156134] vgaarb: bridge control possible 0000:00:02.0
[    8.157294] SCSI subsystem initialized
[    8.158207] ACPI: bus type USB registered
[    8.158999] usbcore: registered new interface driver usbfs
[    8.159981] usbcore: registered new interface driver hub
[    8.168779] usbcore: registered new device driver usb
[    8.275029] PCI: Using ACPI for IRQ routing
[    8.362163] NetLabel: Initializing
[    8.451673] NetLabel:  domain hash size = 128
[    8.508543] NetLabel:  protocols = UNLABELED CIPSOv4
[    8.516277] NetLabel:  unlabeled traffic allowed by default
[    8.523695] amd_nb: Cannot enumerate AMD northbridges
[    8.543025] clocksource: Switched to clocksource kvm-clock
[    8.553275] AppArmor: AppArmor Filesystem Enabled
[    8.643981] pnp: PnP ACPI init
[    8.675476] pnp: PnP ACPI: found 3 devices
[    8.693464] clocksource: acpi_pm: mask: 0xffffff max_cycles: 0xffffff, max_idle_ns: 2085701024 ns
[    8.848450] NET: Registered protocol family 2
[    8.849424] TCP established hash table entries: 16384 (order: 5, 131072 bytes)
[    8.850902] TCP bind hash table entries: 16384 (order: 6, 262144 bytes)
[    8.852079] TCP: Hash tables configured (established 16384 bind 16384)
[    9.031743] UDP hash table entries: 1024 (order: 3, 32768 bytes)
[    9.042493] UDP-Lite hash table entries: 1024 (order: 3, 32768 bytes)
[    9.043683] NET: Registered protocol family 1
[    9.044562] pci 0000:00:00.0: Limiting direct PCI/PCI transfers
[    9.045708] pci 0000:00:01.0: Activating ISA DMA hang workarounds
[    9.222850] Unpacking initramfs...
[   11.128753] Freeing initrd memory: 10736K (ffff880036af8000 - ffff880037574000)
[   11.136601] RAPL PMU detected, API unit is 2^-32 Joules, 3 fixed counters 10737418240 ms ovfl timer
[   11.138242] hw unit of domain pp0-core 2^-0 Joules
[   11.139129] hw unit of domain package 2^-0 Joules
[   11.140048] hw unit of domain pp1-gpu 2^-0 Joules
[   11.140989] platform rtc_cmos: registered platform RTC device (no PNP device found)
[   11.154513] Scanning for low memory corruption every 60 seconds
[   11.163900] audit: initializing netlink subsys (disabled)
[   11.171222] audit: type=2000 audit(1521143868.147:1): initialized
[   11.172536] Initialise system trusted keyring
[   11.173655] HugeTLB registered 2 MB page size, pre-allocated 0 pages
[   11.287503] zbud: loaded
[   11.306001] VFS: Disk quotas dquot_6.6.0
[   11.306821] VFS: Dquot-cache hash table entries: 512 (order 0, 4096 bytes)
[   11.314112] squashfs: version 4.0 (2009/01/31) Phillip Lougher
[   11.315479] fuse init (API version 7.23)
[   11.316374] Key type big_key registered
[   11.317148] Allocating IMA MOK and blacklist keyrings.
[   11.319675] Key type asymmetric registered
[   11.327449] Asymmetric key parser 'x509' registered
[   11.328388] Block layer SCSI generic (bsg) driver version 0.4 loaded (major 249)
[   11.329982] io scheduler noop registered
[   11.336790] io scheduler deadline registered (default)
[   11.337762] io scheduler cfq registered
[   11.338610] pci_hotplug: PCI Hot Plug PCI Core version: 0.5
[   11.339637] pciehp: PCI Express Hot Plug Controller Driver version: 0.4
[   11.340876] ACPI: AC Adapter [AC] (on-line)
[   11.341723] input: Power Button as /devices/LNXSYSTM:00/LNXPWRBN:00/input/input0
[   11.343134] ACPI: Power Button [PWRF]
[   11.343951] input: Sleep Button as /devices/LNXSYSTM:00/LNXSLPBN:00/input/input1
[   11.345363] ACPI: Sleep Button [SLPF]
[   11.346300] GHES: HEST is not enabled!
[   11.347155] Serial: 8250/16550 driver, 32 ports, IRQ sharing enabled
[   11.441737] 00:02: ttyS0 at I/O 0x3f8 (irq = 4, base_baud = 115200) is a 16550A
[   11.592185] Linux agpgart interface v0.103
[   11.672563] loop: module loaded
[   11.679601] scsi host0: ata_piix
[   11.680402] scsi host1: ata_piix
[   11.683807] ata1: PATA max UDMA/33 cmd 0x1f0 ctl 0x3f6 bmdma 0xd000 irq 14
[   11.687154] ata2: PATA max UDMA/33 cmd 0x170 ctl 0x376 bmdma 0xd008 irq 15
[   11.688984] libphy: Fixed MDIO Bus: probed
[   11.689867] tun: Universal TUN/TAP device driver, 1.6
[   11.722876] tun: (C) 1999-2004 Max Krasnyansky <maxk@qualcomm.com>
[   11.845293] PPP generic driver version 2.4.2
[   11.904797] ehci_hcd: USB 2.0 'Enhanced' Host Controller (EHCI) Driver
[   11.956951] ehci-pci: EHCI PCI platform driver
[   11.964325] ehci-platform: EHCI generic platform driver
[   12.011039] ohci_hcd: USB 1.1 'Open' Host Controller (OHCI) Driver
[   12.037126] ohci-pci: OHCI PCI platform driver
[   12.041818] ohci-platform: OHCI generic platform driver
[   12.042783] uhci_hcd: USB Universal Host Controller Interface driver
[   12.062670] i8042: PNP: PS/2 Controller [PNP0303:PS2K,PNP0f03:PS2M] at 0x60,0x64 irq 1,12
[   12.064729] serio: i8042 KBD port at 0x60,0x64 irq 1
[   12.093787] serio: i8042 AUX port at 0x60,0x64 irq 12
[   12.094854] mousedev: PS/2 mouse device common for all mice
[   12.096359] rtc_cmos rtc_cmos: rtc core: registered rtc_cmos as rtc0
[   12.111206] input: AT Translated Set 2 keyboard as /devices/platform/i8042/serio0/input/input2
[   12.124022] rtc_cmos rtc_cmos: alarms up to one day, 114 bytes nvram
[   12.126519] i2c /dev entries driver
[   12.127332] device-mapper: uevent: version 1.0.3
[   12.128287] device-mapper: ioctl: 4.34.0-ioctl (2015-10-28) initialised: dm-devel@redhat.com
[   12.140973] ledtrig-cpu: registered to indicate activity on CPUs
[   12.141047] tsc: Refined TSC clocksource calibration: 2394.438 MHz
[   12.141048] clocksource: tsc: mask: 0xffffffffffffffff max_cycles: 0x2283b158ace, max_idle_ns: 440795323119 ns
[   12.432427] NET: Registered protocol family 10
[   12.472523] NET: Registered protocol family 17
[   12.492456] Key type dns_resolver registered
[   12.510924] microcode: CPU0 sig=0x306a9, pf=0x2, revision=0x19
[   12.512014] microcode: CPU1 sig=0x306a9, pf=0x2, revision=0x19
[   12.513069] microcode: Microcode Update Driver: v2.01 <tigran@aivazian.fsnet.co.uk>, Peter Oruba
[   12.514797] registered taskstats version 1
[   12.600582] Loading compiled-in X.509 certificates
[   12.692163] Loaded X.509 cert 'Build time autogenerated kernel key: 35105354eb779045e4d9ad793dead39d5ee93f76'
[   12.718269] zswap: loaded using pool lzo/zbud
[   12.741963] Key type trusted registered
[   12.757988] Key type encrypted registered
[   12.807812] AppArmor: AppArmor sha1 policy hashing enabled
[   12.868708] ima: No TPM chip found, activating TPM-bypass!
[   12.869712] evm: HMAC attrs: 0x1
[   12.870746]   Magic number: 10:566:1001
[   12.871654] rtc_cmos rtc_cmos: setting system clock to 2018-03-15 19:57:53 UTC (1521143873)
[   12.873331] BIOS EDD facility v0.16 2004-Jun-25, 0 devices found
[   12.896803] EDD information not available.
[   12.971724] Freeing unused kernel memory: 1488K (ffffffff81f45000 - ffffffff820b9000)
[   13.027250] Write protecting the kernel read-only data: 14336k
[   13.030300] Freeing unused kernel memory: 1760K (ffff880001848000 - ffff880001a00000)
[   13.033601] Freeing unused kernel memory: 112K (ffff880001de4000 - ffff880001e00000)
Loading, please wait...
starting version[   13.045384] random: systemd-udevd: uninitialized urandom read (16 bytes read, 2 bits of entropy available)
 229
[   13.046166] random: udevadm: uninitialized urandom read (16 bytes read, 2 bits of entropy available)
[   13.046215] random: udevadm: uninitialized urandom read (16 bytes read, 2 bits of entropy available)
[   13.046390] random: udevadm: uninitialized urandom read (16 bytes read, 2 bits of entropy available)
[   13.046456] random: udevadm: uninitialized urandom read (16 bytes read, 2 bits of entropy available)
[   13.046513] random: udevadm: uninitialized urandom read (16 bytes read, 2 bits of entropy available)
[   13.046571] random: udevadm: uninitialized urandom read (16 bytes read, 2 bits of entropy available)
[   13.046630] random: udevadm: uninitialized urandom read (16 bytes read, 2 bits of entropy available)
[   13.046685] random: udevadm: uninitialized urandom read (16 bytes read, 2 bits of entropy available)
[   13.046739] random: udevadm: uninitialized urandom read (16 bytes read, 2 bits of entropy available)
[   13.256050] e1000: Intel(R) PRO/1000 Network Driver - version 7.3.21-k8-NAPI
[   13.368311] e1000: Copyright (c) 1999-2006 Intel Corporation.
[   13.370996] Fusion MPT base driver 3.04.20
[   13.415550] Copyright (c) 1999-2008 LSI Corporation
[   13.443675] Fusion MPT SPI Host driver 3.04.20
[   13.489254] AVX version of gcm_enc/dec engaged.
[   13.491545] AES CTR mode by8 optimization enabled
[   13.704445] input: ImExPS/2 Generic Explorer Mouse as /devices/platform/i8042/serio1/input/input4
[   13.825546] e1000 0000:00:03.0 eth0: (PCI:33MHz:32-bit) 02:3e:88:32:8e:ba
[   13.967619] e1000 0000:00:03.0 eth0: Intel(R) PRO/1000 Network Connection
[   14.056652] mptbase: ioc0: Initiating bringup
[   14.123925] ioc0: LSI53C1030 A0: Capabilities={Initiator}
[   14.290589] scsi host2: ioc0: LSI53C1030 A0, FwRev=00000000h, Ports=1, MaxQ=256, IRQ=20
[   14.407359] scsi 2:0:0:0: Direct-Access     VBOX     HARDDISK         1.0  PQ: 0 ANSI: 5
[   14.469968] scsi target2:0:0: Beginning Domain Validation
[   14.505156] scsi target2:0:0: Domain Validation skipping write tests
[   14.586109] scsi target2:0:0: Ending Domain Validation
[   14.600277] scsi target2:0:0: asynchronous
[   14.604799] scsi 2:0:1:0: Direct-Access     VBOX     HARDDISK         1.0  PQ: 0 ANSI: 5
[   14.637500] scsi target2:0:1: Beginning Domain Validation
[   14.642740] scsi target2:0:1: Domain Validation skipping write tests
[   14.654860] scsi target2:0:1: Ending Domain Validation
[   14.668722] scsi target2:0:1: asynchronous
[   14.684024] sd 2:0:0:0: Attached scsi generic sg0 type 0
[   14.688083] sd 2:0:1:0: Attached scsi generic sg1 type 0
[   14.699526] sd 2:0:1:0: [sdb] 20480 512-byte logical blocks: (10.5 MB/10.0 MiB)
[   14.701721] sd 2:0:0:0: [sda] 20971520 512-byte logical blocks: (10.7 GB/10.0 GiB)
[   14.724458] sd 2:0:0:0: [sda] Write Protect is off
[   14.731456] sd 2:0:1:0: [sdb] Write Protect is off
[   14.733096] sd 2:0:1:0: [sdb] Incomplete mode parameter data
[   14.739811] sd 2:0:1:0: [sdb] Assuming drive cache: write through
[   14.740960] sd 2:0:0:0: [sda] Incomplete mode parameter data
[   14.763413] sd 2:0:0:0: [sda] Assuming drive cache: write through
[   14.768188]  sda: sda1
[   14.798021] sd 2:0:0:0: [sda] Attached SCSI disk
[   14.799442] sd 2:0:1:0: [sdb] Attached SCSI disk
[   14.805471] e1000 0000:00:08.0 eth1: (PCI:33MHz:32-bit) 08:00:27:e7:0f:62
[   14.805473] e1000 0000:00:08.0 eth1: Intel(R) PRO/1000 Network Connection
[   14.849620] e1000 0000:00:08.0 enp0s8: renamed from eth1
[   14.880038] e1000 0000:00:03.0 enp0s3: renamed from eth0
[   16.372078] floppy0: no floppy controllers found
Begin: Loading e[   17.742279] md: linear personality registered for level -1
ssential drivers[   17.793008] md: multipath personality registered for level -4
 ... [   17.803041] md: raid0 personality registered for level 0
[   17.817087] md: raid1 personality registered for level 1
[   17.955097] raid6: sse2x1   gen()  8248 MB/s
[   18.067210] raid6: sse2x1   xor()  6362 MB/s
[   18.147825] raid6: sse2x2   gen() 10564 MB/s
[   18.311596] raid6: sse2x2   xor()  7431 MB/s
[   18.439123] raid6: sse2x4   gen() 12011 MB/s
[   18.563108] raid6: sse2x4   xor()  9003 MB/s
[   18.572825] raid6: using algorithm sse2x4 gen() 12011 MB/s
[   18.633243] raid6: .... xor() 9003 MB/s, rmw enabled
[   18.643183] raid6: using ssse3x2 recovery algorithm
[   18.645485] xor: automatically using best checksumming function:
[   18.775349]    avx       : 17056.000 MB/sec
[   18.873958] async_tx: api initialized (async)
[   18.959647] md: raid6 personality registered for level 6
[   19.009377] md: raid5 personality registered for level 5
[   19.037812] md: raid4 personality registered for level 4
[   19.043385] md: raid10 personality registered for level 10
done.
Begin: Running /scripts/init-premount ... done.
Begin: Mounting root file system ... Begin: Running /scripts/local-top ... done.
Begin: Running /scripts/loca[   19.100293] Btrfs loaded
l-premount ... Scanning for Btrfs filesystems
done.
Warning: fsck not present, so skipping root file[   19.162998] EXT4-fs (sda1): mounted filesystem with ordered data mode. Opts: (null)
 system
done.
Begin: Running /scripts/local-bottom ... done.
Begin: Running /scripts/init-bottom ... done.
[   19.251246] systemd[1]: systemd 229 running in system mode. (+PAM +AUDIT +SELINUX +IMA +APPARMOR +SMACK +SYSVINIT +UTMP +LIBCRYPTSETUP +GCRYPT +GNUTLS +ACL +XZ -LZ4 +SECCOMP +BLKID +ELFUTILS +KMOD -IDN)
[   19.583974] systemd[1]: Detected virtualization oracle.
[   19.661593] systemd[1]: Detected architecture x86-64.

Welcome to [1mUbuntu 16.04.2 LTS[0m!

[   19.720887] systemd[1]: Set hostname to <ubuntu>.
[   19.778158] systemd[1]: Initializing machine ID from random generator.
[   19.787344] systemd[1]: Installed transient /etc/machine-id file.
[   19.984676] systemd[1]: Listening on Syslog Socket.
[[0;32m  OK  [0m] Listening on Syslog Socket.
[   20.009961] systemd[1]: Created slice System Slice.
[[0;32m  OK  [0m] Created slice System Slice.
[   20.013765] systemd[1]: Started Forward Password Requests to Wall Directory Watch.
[[0;32m  OK  [0m] Started Forward Password Requests to Wall Directory Watch.
[   20.016520] systemd[1]: Set up automount Arbitrary Executable File Formats File System Automount Point.
[[0;32m  OK  [0m] Set up automount Arbitrary Executab...ats File System Automount Point.
[   20.064587] systemd[1]: Listening on Journal Audit Socket.
[[0;32m  OK  [0m] Listening on Journal Audit Socket.
[   20.108467] systemd[1]: Listening on udev Kernel Socket.
[[0;32m  OK  [0m] Listening on udev Kernel Socket.
[   20.167907] systemd[1]: Listening on Device-mapper event daemon FIFOs.
[[0;32m  OK  [0m] Listening on Device-mapper event daemon FIFOs.
[   20.211144] systemd[1]: Created slice system-serial\x2dgetty.slice.
[[0;32m  OK  [0m] Created slice system-serial\x2dgetty.slice.
[   20.244052] systemd[1]: Started Trigger resolvconf update for networkd DNS.
[[0;32m  OK  [0m] Started Trigger resolvconf update for networkd DNS.
[   20.359499] systemd[1]: Reached target Encrypted Volumes.
[[0;32m  OK  [0m] Reached target Encrypted Volumes.
[   20.443703] systemd[1]: Reached target Swap.
[[0;32m  OK  [0m] Reached target Swap.
[   20.531639] systemd[1]: Reached target User and Group Name Lookups.
[[0;32m  OK  [0m] Reached target User and Group Name Lookups.
[   20.665733] systemd[1]: Listening on udev Control Socket.
[[0;32m  OK  [0m] Listening on udev Control Socket.
[   20.731981] systemd[1]: Listening on LVM2 metadata daemon socket.
[[0;32m  OK  [0m] Listening on LVM2 metadata daemon socket.
[   20.808290] systemd[1]: Listening on LVM2 poll daemon socket.
[[0;32m  OK  [0m] Listening on LVM2 poll daemon socket.
[   20.858064] systemd[1]: Listening on /dev/initctl Compatibility Named Pipe.
[[0;32m  OK  [0m] Listening on /dev/initctl Compatibility Named Pipe.
[   20.880972] systemd[1]: Listening on Journal Socket (/dev/log).
[[0;32m  OK  [0m] Listening on Journal Socket (/dev/log).
[   20.952852] systemd[1]: Created slice User and Session Slice.
[[0;32m  OK  [0m] Created slice User and Session Slice.
[   21.071064] systemd[1]: Reached target Slices.
[[0;32m  OK  [0m] Reached target Slices.
[   21.112770] systemd[1]: Listening on Journal Socket.
[[0;32m  OK  [0m] Listening on Journal Socket.
[   21.163400] systemd[1]: Starting Nameserver information manager...
         Starting Nameserver information manager...
[   21.217224] systemd[1]: Starting Monitoring of LVM2 mirrors, snapshots etc. using dmeventd or progress polling...
         Starting Monitoring of LVM2 mirrors... dmeventd or progress polling...
[   21.268898] systemd[1]: Starting Create list of required static device nodes for the current kernel...
         Starting Create list of required st... nodes for the current kernel...
[   21.283077] systemd[1]: Mounting Debug File System...
         Mounting Debug File System...
[   21.327607] systemd[1]: Mounting Huge Pages File System...
         Mounting Huge Pages File System...
[   21.467519] systemd[1]: Starting Set console keymap...
         Starting Set console keymap...
[   21.559772] systemd[1]: Starting Journal Service...
         Starting Journal Service...
[   21.643420] systemd[1]: Starting Remount Root and Kernel File Systems...
[   21.647033] EXT4-fs (sda1): re-mounted. Opts: (null)
         Starting Remount Root and Kernel File Systems...
[   21.786229] systemd[1]: Mounting POSIX Message Queue File System...
         Mounting POSIX Message Queue File System...
[   21.843378] systemd[1]: Starting Uncomplicated firewall...
[   21.846975] random: nonblocking pool is initialized
         Starting Uncomplicated firewall...
[   21.999712] systemd[1]: Starting Load Kernel Modules...
         Startin[   22.026052] Loading iSCSI transport class v2.0-870.
g Load Kernel Mo[   22.072149] iscsi: registered transport (tcp)
dules...
[   22.181606] systemd[1]: Mounted Debug File System.
[[0;32m  OK  [[   22.204249] iscsi: registered transport (iser)
0m] Mounted Debug File System.
[   22.273289] systemd[1]: Mounted Huge Pages File System.
[[0;32m  OK  [0m] Mounted Huge Pages File System.
[   22.419988] systemd[1]: Mounted POSIX Message Queue File System.
[[0;32m  OK  [0m] Mounted POSIX Message Queue File System.
[   22.583692] systemd[1]: Started Journal Service.
[[0;32m  OK  [0m] Started Journal Service.
[[0;32m  OK  [0m] Started Create list of required sta...ce nodes for the current kernel.
[[0;32m  OK  [0m] Started Set console keymap.
[[0;32m  OK  [0m] Started Remount Root and Kernel File Systems.
[[0;32m  OK  [0m] Started Uncomplicated firewall.
[[0;32m  OK  [0m] Started Load Kernel Modules.
[[0;32m  OK  [0m] Started Nameserver information manager.
[[0;32m  OK  [0m] Started LVM2 metadata daemon.
         Mounting FUSE Control File System...
         Starting Apply Kernel Variables...
         Starting udev Coldplug all Devices...
         Starting Initial cloud-init job (pre-networking)...
         Starting Load/Save Random Seed...
         Starting Create Static Device Nodes in /dev...
         Starting Flush Journal to Persistent Storage...
[[0;32m  OK  [0m] Mounted FUSE Control File System.
[[0;32m  OK  [0m] Started Apply Kernel Variables.
[[0;32m  OK  [0m] Started Load/Save Random Seed.
[[0;32m  OK  [0m] Started Create Static Device Nodes in /dev.
[[0;32m  OK  [0m] Started udev Coldplug all Devices.
[[0;32m  OK  [0m] Started Flush Journal to Persistent Storage.
         Starting udev Kernel Device Manager...
[[0;32m  OK  [0m] Started udev Kernel Device Manager.
[[0;32m  OK  [0m] Started Monitoring of LVM2 mirrors,...ng dmeventd or progress polling.
[[0;32m  OK  [0m] Reached target Local File Systems (Pre).
[[0;32m  OK  [0m] Reached target Local File Systems.
         Starting Commit a transient machine-id on disk...
         Starting LSB: AppArmor initialization...
         Starting Create Volatile Files and Directories...
         Starting Set console font and keymap...
         Starting Tell Plymouth To Write Out Runtime Data...
[[0;32m  OK  [0m] Started Dispatch Password Requests to Console Directory Watch.
[[0;32m  OK  [0m] Started Commit a transient machine-id on disk.
[[0;32m  OK  [0m] Started Create Volatile Files and Directories.
[[0;32m  OK  [0m] Started Tell Plymouth To Write Out Runtime Data.
[[0;32m  OK  [0m] Found device /dev/ttyS0.
         Starting Update UTMP about System Boot/Shutdown...
[[0;32m  OK  [0m] Reached target System Time Synchronized.
[[0;32m  OK  [0m] Listening on Load/Save RF Kill Switch Status /dev/rfkill Watch.
[   16.396907] cloud-init[453]: Cloud-init v. 0.7.9 running 'init-local' at Thu, 15 Mar 2018 19:58:04 +0000. Up 15.94 seconds.
[[0;32m  OK  [0m] Started Update UTMP about System Boot/Shutdown.
[[0;32m  OK  [0m] Started LSB: AppArmor initialization.
[[0;32m  OK  [0m] Started Set console font and keymap.
[[0;32m  OK  [0m] Started Initial cloud-init job (pre-networking).
[[0;32m  OK  [0m] Reached target Network (Pre).
[[0;32m  OK  [0m] Created slice system-getty.slice.
         Starting Raise network interfaces...
[[0;32m  OK  [0m] Started Raise network interfaces.
         Starting Initial cloud-init job (metadata service crawler)...
[[0;32m  OK  [0m] Reached target Network.
[   19.770860] cloud-init[946]: Cloud-init v. 0.7.9 running 'init' at Thu, 15 Mar 2018 19:58:07 +0000. Up 19.27 seconds.
[   19.836487] [cloud-init[0;32m  OK  [0m[946]: ] ci-info: ++++++++++++++++++++++++++++++++++++++Net device info++++++++++++++++++++++++++++++++++++++Started Initial cloud-init job (metadata service crawler).

[   19.836972] cloud-init[946]: ci-info: +--------+-------+----------------------------+---------------+-------+-------------------+
[   19.902525] [[0;32m  OK  [0m] Reached target Network is Online.
cloud-init[946]: ci-info: | Device |   Up  |          Address           |      Mask     | Scope |     Hw-Address    |
[   19.933210]          cloud-initStarting iSCSI initiator daemon (iscsid)...[946]: 
ci-info: +--------+-------+----------------------------+---------------+-------+-------------------+
[   20.029452] [[0;32m  OK  [0m] Reached target Cloud-config availability.
[[0;32m  OK  [0m] Reached target System Initialization.
[[0;32m  OK  [0m] Listening on UUID daemon activation socket.
[[0;32m  OK  [0m] Listening on D-Bus System Message Bus Socket.
cloud-init[946]: ci-info: |   lo   |  True |         127.0.0.1          |   255.0.0.0   |   .   |         .         |
[   20.113098]          cloud-initStarting LXD - unix socket.[946]: 
ci-info: |   lo   |  True |          ::1/128           |       .       |  host |         .         |
[   20.156844] [cloud-init[0;32m  OK  [0m[946]: ] ci-info: | enp0s8 | False |             .              |       .       |   .   | 08:00:27:e7:0f:62 |Listening on ACPID Listen Socket.

[   20.157355] cloud-init[946]: ci-info: | enp0s3 |  True |         10.0.2.15          | 255.255.255.0 |   .   | 02:3e:88:32:8e:ba |
[   20.211023] [[0;32m  OK  [0m] Started ACPI Events Check.
[[0;32m  OK  [0m] Reached target Paths.
[[0;32m  OK  [0m] Started Daily Cleanup of Temporary Directories.
[[0;32m  OK  [0m] Started Timer to automatically refresh installed snaps.
         Starting Socket activation for snappy daemon.
[[0;32m  OK  [0m] Started Daily apt activities.
[[0;32m  OK  [0m] Reached target Timers.
cloud-init[946]: ci-info: | enp0s3 |  True | fe80::3e:88ff:fe32:8eba/64 |       .       |  link | 02:3e:88:32:8e:ba |
[   20.432699] [cloud-init[0;32m  OK  [0m[946]: ] ci-info: +--------+-------+----------------------------+---------------+-------+-------------------+Listening on LXD - unix socket.

[[0;32m  OK  [0m] Listening on Socket activation for snappy daemon.
[[0;32m  OK  [0m] Started iSCSI initiator daemon (iscsid).
[   20.433170] cloud-init[946]: ci-info: +++++++++++++++++++++++++++Route IPv4 info++++++++++++++++++++++++++++
[   20.560798]          cloud-initStarting Login to default iSCSI targets...[946]: 
ci-info: +-------+-------------+----------+---------------+-----------+-------+
[   20.625961] [cloud-init[0;32m  OK  [0m[946]: ] ci-info: | Route | Destination | Gateway  |    Genmask    | Interface | Flags |Reached target Sockets.

[[0;32m  OK  [0m] Reached target Basic System.
[   20.626494] cloud-init[946]: ci-info: +-------+-------------+----------+---------------+-----------+-------+
[   20.836431] [cloud-init[0;32m  OK  [0m[946]: ] ci-info: |   0   |   0.0.0.0   | 10.0.2.2 |    0.0.0.0    |   enp0s3  |   UG  |Started Deferred execution scheduler.

[   20.968793]          cloud-initStarting System Logging Service...[946]: 
ci-info: |   1   |   10.0.2.0  | 0.0.0.0  | 255.255.255.0 |   enp0s3  |   U   |
[   21.048354]          cloud-initStarting Pollinate to seed the pseudo random number generator...[946]: 
ci-info: +-------+-------------+----------+---------------+-----------+-------+
[[0;32m  OK  [0m] Started Unattended Upgrades Shutdown.
[   21.119974] cloud-init[946]: Generating public/private rsa key pair.
[   21.213402]          Starting LSB: MD monitoring daemon...
cloud-init[946]: Your identification has been saved in /etc/ssh/ssh_host_rsa_key.
[   21.245505] [cloud-init[0;32m  OK  [0m[946]: ] Your public key has been saved in /etc/ssh/ssh_host_rsa_key.pub.Started ACPI event daemon.

[   21.280687] [cloud-init[0;32m  OK  [0m[946]: ] The key fingerprint is:Started FUSE filesystem for LXC.

[   21.281238] cloud-init[946]: SHA256:u+KZYS4OOvHVnPYRCuDDIIL0XlbyLAu3LVgzXyT0fPE root@ubuntu-xenial
[   21.417649]          Starting Apply the settings specified in cloud-config...
cloud-init[946]: The key's randomart image is:
[   21.426325] cloud-init[946]: +---[RSA 2048]----+
         Starting LSB: Record successful boot for GRUB...
[   21.448557] cloud-init[946]: |o.   ..+ . .     |
[   21.488996] cloud-init[946]: |= o   = =   o    |
[   21.496888] cloud-init[946]: |o+ + O o + . E   |
[[0;32m  OK  [0m] Started Regular background program processing daemon.
[   21.509121] cloud-init[946]: |  = O O o .      |
[[0;32m  OK  [0m] Started Snappy daemon.
[   21.529168] cloud-init[946]: |   + B =S.       |
         Starting Auto import assertions from block devices...
[   21.585148] cloud-init[946]: |.   . B ..       |
[   21.599614] cloud-init[946]: | o.. .o...       |
[   21.610159] cloud-init[946]: |.....o.+..       |
         Starting Accounts Service...
         Starting LXD - container startup/shutdown...
[[0;32m  OK  [0m] Started D-Bus System Message Bus.
[   21.616958] cloud-init[946]: |.. ..o=..        |
[   21.652268] cloud-init[946]: +----[SHA256]-----+
[   21.658063] cloud-init[946]: Generating public/private dsa key pair.
         Starting Login Service...
         Starting /etc/rc.local Compatibility...
[[0;32m  OK  [0m] Started System Logging Service.
[[0;32m  OK  [0m] Started Pollinate to seed the pseudo random number generator.
[[0;32m  OK  [0m] Started Auto import assertions from block devices.
[[0;32m  OK  [0m] Started /etc/rc.local Compatibility.
[   21.667712] cloud-init[946]: Your identification has been saved in /etc/ssh/ssh_host_dsa_key.
[   21.700873] cloud-init[946]: Your public key has been saved in /etc/ssh/ssh_host_dsa_key.pub.
[[0;32m  OK  [0m] Started Login to default iSCSI targets.
[[0;32m  OK  [0m] Started LXD - container startup/shutdown.
[   21.732483] cloud-init[946]: The key fingerprint is:
[   21.767576] cloud-init[946]: SHA256:PPLOrGYx2cLJKRZiRu83Nbd8gP4YkfDNY2F+kkgaUug root@ubuntu-xenial
[   21.770647] cloud-init[946]: The key's randomart image is:
[   21.773302] cloud-init[946]: +---[DSA 1024]----+
[   21.776707] cloud-init[946]: |     o.          |
[   21.779148] cloud-init[946]: |  . o o . o      |
[[0;32m  OK  [0m] Started LSB: MD monitoring daemon.
[[0;32m  OK  [0m] Started LSB: Record successful boot for GRUB.
[   21.781307] cloud-init[946]: | . o . * O o     |
[   21.806743] cloud-init[946]: |  + E ..O @ .    |
[   21.811203] cloud-init[946]: | o o +.BS* *     |
[   21.812447] cloud-init[946]: |    + %o+.o .    |
[   21.813718] cloud-init[946]: |   . o =.+ .     |
[   21.832475] cloud-init[946]: |      o+. .      |
[   21.840422] cloud-init[946]: |     o..+        |
[   21.853076] cloud-init[946]: +----[SHA256]-----+
[   21.859159] cloud-init[946]: Generating public/private ecdsa key pair.
[[0;32m  OK  [0m] Started Login Service.
[   21.891875] cloud-init[946]: Your identification has been saved in /etc/ssh/ssh_host_ecdsa_key.
[   21.946826]          Starting Authenticate and Authorize Users to Run Privileged Tasks...
[[0;32m  OK  [0m] Reached target Remote File Systems (Pre).
[[0;32m  OK  [0m] Reached target Remote File Systems.
cloud-init[946]: Your public key has been saved in /etc/ssh/ssh_host_ecdsa_key.pub.
[   21.997962]          cloud-initStarting LSB: VirtualBox Linux Additions...[946]: 
The key fingerprint is:
[   22.010775] cloud-init[946]: SHA256:qhpg3Z+BLyQA0H2y9nnm78+EogT87Y4KlY84Ob8Dqqk root@ubuntu-xenial
[   22.018686] cloud-init[946]: The key's randomart image is:
         Starting Permit User Sessions...
         Starting LSB: automatic crash report generation...
         Starting LSB: daemon to balance interrupts for SMP systems...
         Starting LSB: Set the CPU Frequency Scaling governor to "ondemand"...
         Starting OpenBSD Secure Shell server...
[[0;32m  OK  [0m] Started Permit User Sessions.
[[0;32m  OK  [0m] Started Authenticate and Authorize Users to Run Privileged Tasks.
[[0;32m  OK  [0m] Started Accounts Service.
[   22.028993] cloud-init[946]: +---[ECDSA 256]---+
[   22.054307] cloud-init[946]: |+. .             |
[   22.060608] cloud-init[946]: |. . o .          |
[   22.061052] cloud-init[946]: | .   +           |
         Starting Hold until boot process finishes up...
[   22.061255] cloud-init[946]: |  o.+..          |
         Starting Terminate Plymouth Boot Screen...
[   22.072001] cloud-init[946]: |.. +== oS        |
[   22.077991] cloud-init[946]: |...+o==o=  .     |
[   22.078256] cloud-init[946]: | .B...=Bo . .    |
[   22.078475] cloud-init[946]: |.. *.o.+.. o     |
[   22.078660] cloud-init[946]: |E ..=+o.ooo.o    |
[   22.078850] cloud-init[946]: +----[SHA256]-----+
[   22.079040] cloud-init[946]: Generating public/private ed25519 key pair.
[   22.079233] cloud-init[946]: Your identification has been saved in /etc/ssh/ssh_host_ed25519_key.
[[0;32m  OK  [0m] Started OpenBSD Secure Shell server.
[[0;32m  OK  [0m] Started Hold until boot process finishes up.
[[0;32m  OK  [0m] Started Terminate Plymouth Boot Screen.
[   22.079701] cloud-init[946]: Your public key has been saved in /etc/ssh/ssh_host_ed25519_key.pub.
[   22.148897] [[0;32m  OK  [0m] Started LSB: Set the CPU Frequency Scaling governor to "ondemand".
[[0;32m  OK  [0m] Started LSB: automatic crash report generation.
[[0;32m  OK  [0m] Started LSB: daemon to balance interrupts for SMP systems.
cloud-init[946]: The key fingerprint is:
[   22.161664] cloud-init[946]: SHA256:UYTwE+ZWG2ra5dVD+QuqEP7iOm+8Lr/qFthxrU+UprI root@ubuntu-xenial
[   22.165460] cloud-init[946]: The key's randomart image is:
[   22.170603]          cloud-initStarting Set console scheme...[946]: 
+--[ED25519 256]--+
[   22.200543] [cloud-init[0;32m  OK  [0m[946]: ] |      ..oo=   .. |Started Serial Getty on ttyS0.

[   22.212720] cloud-init[946]: |       +.= o o.  |
[   22.224468] cloud-init[946]: |        X + . o. |
[   22.241056] cloud-init[946]: |     . B X . . ..|
[[0;32m  OK  [0m] Started Getty on tty1.
[[0;32m  OK  [0m] Reached target Login Prompts.
[[0;32m  OK  [0m] Started LSB: VirtualBox Linux Additions.
[[0;32m  OK  [0m] Started Set console scheme.
[   22.249195] cloud-init[946]: |    o = S . . . .|
[   22.300784] cloud-init[946]: |   . + = . .   . |
[[0;32m  OK  [0m] Reached target Multi-User System.
[[0;32m  OK  [0m] Reached target Graphical Interface.
[   22.308285] cloud-init[946]: |      = = .      |
[   22.343969] cloud-init[946]: |     E + +       |
         Starting Update UTMP about System Runlevel Changes...
[[0;32m  OK  [0m] Started Update UTMP about System Runlevel Changes.
[   22.357507] cloud-init[946]: |    o+@B+        |
[   22.429493] cloud-init[946]: +----[SHA256]-----+
[   22.448340] cloud-init[1104]: Generating locales (this might take a while)...
[   22.932199] cloud-init[1104]:   en_US.UTF-8... done
[   22.950262] cloud-init[1104]: Generation complete.
         Stopping OpenBSD Secure Shell server...
[[0;32m  OK  [0m] Stopped OpenBSD Secure Shell server.
         Starting OpenBSD Secure Shell server...
[[0;32m  OK  [0m] Started OpenBSD Secure Shell server.
[[0;32m  OK  [0m] Created slice User Slice of ubuntu.
         Starting User Manager for UID 1000...
[[0;32m  OK  [0m] Started Session 1 of user ubuntu.
[[0;32m  OK  [0m] Started User Manager for UID 1000.
[   23.440220] cloud-init[1104]: Cloud-init v. 0.7.9 running 'modules:config' at Thu, 15 Mar 2018 19:58:10 +0000. Up 21.83 seconds.
[[0;32m  OK  [0m] Started Apply the settings specified in cloud-config.
         Starting Execute cloud user/final scripts...
ci-info: no authorized ssh keys fingerprints found for user ubuntu.
<14>Mar 15 19:58:12 ec2: 
<14>Mar 15 19:58:12 ec2: #############################################################
<14>Mar 15 19:58:12 ec2: -----BEGIN SSH HOST KEY FINGERPRINTS-----
<14>Mar 15 19:58:12 ec2: 1024 SHA256:PPLOrGYx2cLJKRZiRu83Nbd8gP4YkfDNY2F+kkgaUug root@ubuntu-xenial (DSA)
<14>Mar 15 19:58:12 ec2: 256 SHA256:qhpg3Z+BLyQA0H2y9nnm78+EogT87Y4KlY84Ob8Dqqk root@ubuntu-xenial (ECDSA)
<14>Mar 15 19:58:12 ec2: 256 SHA256:UYTwE+ZWG2ra5dVD+QuqEP7iOm+8Lr/qFthxrU+UprI root@ubuntu-xenial (ED25519)
<14>Mar 15 19:58:12 ec2: 2048 SHA256:u+KZYS4OOvHVnPYRCuDDIIL0XlbyLAu3LVgzXyT0fPE root@ubuntu-xenial (RSA)
<14>Mar 15 19:58:12 ec2: -----END SSH HOST KEY FINGERPRINTS-----
<14>Mar 15 19:58:12 ec2: #############################################################
-----BEGIN SSH HOST KEY KEYS-----
ecdsa-sha2-nistp256 AAAAE2VjZHNhLXNoYTItbmlzdHAyNTYAAAAIbmlzdHAyNTYAAABBBJ4KXVx8zPi10h+v7C5764c7dHoo7C0MWk5WrEkrzplkOiGZZxSvAElPDcvB9b2KzCWOY6DPNn3sKSdTSKWncsg= root@ubuntu-xenial
ssh-ed25519 AAAAC3NzaC1lZDI1NTE5AAAAIHexogkb/DAv6SqBJlxUZCR+NGU5X6V0+rHLgIWPWzHQ root@ubuntu-xenial
ssh-rsa AAAAB3NzaC1yc2EAAAADAQABAAABAQDjL5rXEKRYaBWU3XDyhmPICE7Zb3/ZXkOgQWiIjOc4e0JeYf8zXU3qysWETtszflM+ORarBXMS36ZKR/UDH/41VS1jzeVgyMBOE+cIGg1MXB9W1X3R3D9oDjgjy7KUXdB2groT15A35QN+si5mZEqzNOmjHk6AB4kvP+NeSrQFLNPGTD386NlCSF5PDDpHPxjF4+ZFiq1r5I0z7BJvBq+CITKgJUFnNnxjwpSbxNsUclOZtPQgDeah+bZPQ5fIpY4saL0S4o2zrEImpDYZHQFJ2nX1spz9WR/X/cTp0XFk/e1f8+Bxc5HDbTphzUkIYdN9rHlV3Apxo9AeqcvC7NZH root@ubuntu-xenial
-----END SSH HOST KEY KEYS-----
[   24.414813] cloud-init[1383]: Cloud-init v. 0.7.9 running 'modules:final' at Thu, 15 Mar 2018 19:58:12 +0000. Up 23.83 seconds.
[   24.469281] cloud-init[1383]: ci-info: no authorized ssh keys fingerprints found for user ubuntu.
[   24.469567] cloud-init[1383]: Cloud-init v. 0.7.9 finished at Thu, 15 Mar 2018 19:58:13 +0000. Datasource DataSourceNoCloud [seed=/dev/sdb][dsmode=net].  Up 24.40 seconds
[[0;32m  OK  [0m] Started Execute cloud user/final scripts.
[[0;32m  OK  [0m] Reached target Cloud-init target.

Ubuntu 16.04.2 LTS ubuntu-xenial ttyS0

ubuntu-xenial login: 